Archive member included to satisfy reference by file (symbol)

c:/st/stm32cubeide_1.7.0/stm32cubeide/plugins/com.st.stm32cube.ide.mcu.externaltools.gnu-tools-for-stm32.9-2020-q2-update.win32_2.0.0.202105311346/tools/bin/../lib/gcc/arm-none-eabi/9.3.1/../../../../arm-none-eabi/lib/thumb/v7-m/nofp\libc_nano.a(lib_a-errno.o)
                              ./Core/Src/syscalls.o (__errno)
c:/st/stm32cubeide_1.7.0/stm32cubeide/plugins/com.st.stm32cube.ide.mcu.externaltools.gnu-tools-for-stm32.9-2020-q2-update.win32_2.0.0.202105311346/tools/bin/../lib/gcc/arm-none-eabi/9.3.1/../../../../arm-none-eabi/lib/thumb/v7-m/nofp\libc_nano.a(lib_a-exit.o)
                              c:/st/stm32cubeide_1.7.0/stm32cubeide/plugins/com.st.stm32cube.ide.mcu.externaltools.gnu-tools-for-stm32.9-2020-q2-update.win32_2.0.0.202105311346/tools/bin/../lib/gcc/arm-none-eabi/9.3.1/../../../../arm-none-eabi/lib/thumb/v7-m/nofp/crt0.o (exit)
c:/st/stm32cubeide_1.7.0/stm32cubeide/plugins/com.st.stm32cube.ide.mcu.externaltools.gnu-tools-for-stm32.9-2020-q2-update.win32_2.0.0.202105311346/tools/bin/../lib/gcc/arm-none-eabi/9.3.1/../../../../arm-none-eabi/lib/thumb/v7-m/nofp\libc_nano.a(lib_a-impure.o)
                              c:/st/stm32cubeide_1.7.0/stm32cubeide/plugins/com.st.stm32cube.ide.mcu.externaltools.gnu-tools-for-stm32.9-2020-q2-update.win32_2.0.0.202105311346/tools/bin/../lib/gcc/arm-none-eabi/9.3.1/../../../../arm-none-eabi/lib/thumb/v7-m/nofp\libc_nano.a(lib_a-exit.o) (_global_impure_ptr)
c:/st/stm32cubeide_1.7.0/stm32cubeide/plugins/com.st.stm32cube.ide.mcu.externaltools.gnu-tools-for-stm32.9-2020-q2-update.win32_2.0.0.202105311346/tools/bin/../lib/gcc/arm-none-eabi/9.3.1/../../../../arm-none-eabi/lib/thumb/v7-m/nofp\libc_nano.a(lib_a-init.o)
                              c:/st/stm32cubeide_1.7.0/stm32cubeide/plugins/com.st.stm32cube.ide.mcu.externaltools.gnu-tools-for-stm32.9-2020-q2-update.win32_2.0.0.202105311346/tools/bin/../lib/gcc/arm-none-eabi/9.3.1/../../../../arm-none-eabi/lib/thumb/v7-m/nofp/crt0.o (__libc_init_array)
c:/st/stm32cubeide_1.7.0/stm32cubeide/plugins/com.st.stm32cube.ide.mcu.externaltools.gnu-tools-for-stm32.9-2020-q2-update.win32_2.0.0.202105311346/tools/bin/../lib/gcc/arm-none-eabi/9.3.1/../../../../arm-none-eabi/lib/thumb/v7-m/nofp\libc_nano.a(lib_a-memset.o)
                              c:/st/stm32cubeide_1.7.0/stm32cubeide/plugins/com.st.stm32cube.ide.mcu.externaltools.gnu-tools-for-stm32.9-2020-q2-update.win32_2.0.0.202105311346/tools/bin/../lib/gcc/arm-none-eabi/9.3.1/../../../../arm-none-eabi/lib/thumb/v7-m/nofp/crt0.o (memset)

Allocating common symbols
Common symbol       size              file

buttonFlag          0xc               ./Core/Src/button.o
timeOut             0xc               ./Core/Src/button.o
uwTick              0x4               ./Drivers/STM32F1xx_HAL_Driver/Src/stm32f1xx_hal.o
pFlash              0x20              ./Drivers/STM32F1xx_HAL_Driver/Src/stm32f1xx_hal_flash.o
htim2               0x48              ./Core/Src/main.o
buttonFlag3s        0xc               ./Core/Src/button.o

Discarded input sections

 .text          0x0000000000000000        0x0 c:/st/stm32cubeide_1.7.0/stm32cubeide/plugins/com.st.stm32cube.ide.mcu.externaltools.gnu-tools-for-stm32.9-2020-q2-update.win32_2.0.0.202105311346/tools/bin/../lib/gcc/arm-none-eabi/9.3.1/thumb/v7-m/nofp/crti.o
 .data          0x0000000000000000        0x0 c:/st/stm32cubeide_1.7.0/stm32cubeide/plugins/com.st.stm32cube.ide.mcu.externaltools.gnu-tools-for-stm32.9-2020-q2-update.win32_2.0.0.202105311346/tools/bin/../lib/gcc/arm-none-eabi/9.3.1/thumb/v7-m/nofp/crti.o
 .bss           0x0000000000000000        0x0 c:/st/stm32cubeide_1.7.0/stm32cubeide/plugins/com.st.stm32cube.ide.mcu.externaltools.gnu-tools-for-stm32.9-2020-q2-update.win32_2.0.0.202105311346/tools/bin/../lib/gcc/arm-none-eabi/9.3.1/thumb/v7-m/nofp/crti.o
 .data          0x0000000000000000        0x4 c:/st/stm32cubeide_1.7.0/stm32cubeide/plugins/com.st.stm32cube.ide.mcu.externaltools.gnu-tools-for-stm32.9-2020-q2-update.win32_2.0.0.202105311346/tools/bin/../lib/gcc/arm-none-eabi/9.3.1/thumb/v7-m/nofp/crtbegin.o
 .text          0x0000000000000000       0x7c c:/st/stm32cubeide_1.7.0/stm32cubeide/plugins/com.st.stm32cube.ide.mcu.externaltools.gnu-tools-for-stm32.9-2020-q2-update.win32_2.0.0.202105311346/tools/bin/../lib/gcc/arm-none-eabi/9.3.1/../../../../arm-none-eabi/lib/thumb/v7-m/nofp/crt0.o
 .data          0x0000000000000000        0x0 c:/st/stm32cubeide_1.7.0/stm32cubeide/plugins/com.st.stm32cube.ide.mcu.externaltools.gnu-tools-for-stm32.9-2020-q2-update.win32_2.0.0.202105311346/tools/bin/../lib/gcc/arm-none-eabi/9.3.1/../../../../arm-none-eabi/lib/thumb/v7-m/nofp/crt0.o
 .bss           0x0000000000000000        0x0 c:/st/stm32cubeide_1.7.0/stm32cubeide/plugins/com.st.stm32cube.ide.mcu.externaltools.gnu-tools-for-stm32.9-2020-q2-update.win32_2.0.0.202105311346/tools/bin/../lib/gcc/arm-none-eabi/9.3.1/../../../../arm-none-eabi/lib/thumb/v7-m/nofp/crt0.o
[...]
Memory Configuration

Name             Origin             Length             Attributes
RAM              0x0000000020000000 0x0000000000002800 xrw
FLASH            0x0000000008000000 0x0000000000008000 xr
*default*        0x0000000000000000 0xffffffffffffffff

Linker script and memory map

LOAD c:/st/stm32cubeide_1.7.0/stm32cubeide/plugins/com.st.stm32cube.ide.mcu.externaltools.gnu-tools-for-stm32.9-2020-q2-update.win32_2.0.0.202105311346/tools/bin/../lib/gcc/arm-none-eabi/9.3.1/thumb/v7-m/nofp/crti.o
LOAD c:/st/stm32cubeide_1.7.0/stm32cubeide/plugins/com.st.stm32cube.ide.mcu.externaltools.gnu-tools-for-stm32.9-2020-q2-update.win32_2.0.0.202105311346/tools/bin/../lib/gcc/arm-none-eabi/9.3.1/thumb/v7-m/nofp/crtbegin.o
LOAD c:/st/stm32cubeide_1.7.0/stm32cubeide/plugins/com.st.stm32cube.ide.mcu.externaltools.gnu-tools-for-stm32.9-2020-q2-update.win32_2.0.0.202105311346/tools/bin/../lib/gcc/arm-none-eabi/9.3.1/../../../../arm-none-eabi/lib/thumb/v7-m/nofp/crt0.o
LOAD ./Core/Src/button.o
LOAD ./Core/Src/display.o
LOAD ./Core/Src/fsm_long_pressed.o
LOAD ./Core/Src/fsm_short_pressed.o
LOAD ./Core/Src/global.o
LOAD ./Core/Src/main.o
LOAD ./Core/Src/software_timer.o
LOAD ./Core/Src/stm32f1xx_hal_msp.o
LOAD ./Core/Src/stm32f1xx_it.o
LOAD ./Core/Src/syscalls.o
LOAD ./Core/Src/sysmem.o
LOAD ./Core/Src/system_stm32f1xx.o
LOAD ./Core/Startup/startup_stm32f103c6ux.o
LOAD ./Drivers/STM32F1xx_HAL_Driver/Src/stm32f1xx_hal.o
LOAD ./Drivers/STM32F1xx_HAL_Driver/Src/stm32f1xx_hal_cortex.o
LOAD ./Drivers/STM32F1xx_HAL_Driver/Src/stm32f1xx_hal_dma.o
LOAD ./Drivers/STM32F1xx_HAL_Driver/Src/stm32f1xx_hal_exti.o
LOAD ./Drivers/STM32F1xx_HAL_Driver/Src/stm32f1xx_hal_flash.o
LOAD ./Drivers/STM32F1xx_HAL_Driver/Src/stm32f1xx_hal_flash_ex.o
LOAD ./Drivers/STM32F1xx_HAL_Driver/Src/stm32f1xx_hal_gpio.o
LOAD ./Drivers/STM32F1xx_HAL_Driver/Src/stm32f1xx_hal_gpio_ex.o
LOAD ./Drivers/STM32F1xx_HAL_Driver/Src/stm32f1xx_hal_pwr.o
LOAD ./Drivers/STM32F1xx_HAL_Driver/Src/stm32f1xx_hal_rcc.o
LOAD ./Drivers/STM32F1xx_HAL_Driver/Src/stm32f1xx_hal_rcc_ex.o
LOAD ./Drivers/STM32F1xx_HAL_Driver/Src/stm32f1xx_hal_tim.o
LOAD ./Drivers/STM32F1xx_HAL_Driver/Src/stm32f1xx_hal_tim_ex.o
START GROUP
LOAD c:/st/stm32cubeide_1.7.0/stm32cubeide/plugins/com.st.stm32cube.ide.mcu.externaltools.gnu-tools-for-stm32.9-2020-q2-update.win32_2.0.0.202105311346/tools/bin/../lib/gcc/arm-none-eabi/9.3.1/../../../../arm-none-eabi/lib/thumb/v7-m/nofp\libc_nano.a
LOAD c:/st/stm32cubeide_1.7.0/stm32cubeide/plugins/com.st.stm32cube.ide.mcu.externaltools.gnu-tools-for-stm32.9-2020-q2-update.win32_2.0.0.202105311346/tools/bin/../lib/gcc/arm-none-eabi/9.3.1/../../../../arm-none-eabi/lib/thumb/v7-m/nofp\libm.a
END GROUP
START GROUP
LOAD c:/st/stm32cubeide_1.7.0/stm32cubeide/plugins/com.st.stm32cube.ide.mcu.externaltools.gnu-tools-for-stm32.9-2020-q2-update.win32_2.0.0.202105311346/tools/bin/../lib/gcc/arm-none-eabi/9.3.1/thumb/v7-m/nofp\libgcc.a
LOAD c:/st/stm32cubeide_1.7.0/stm32cubeide/plugins/com.st.stm32cube.ide.mcu.externaltools.gnu-tools-for-stm32.9-2020-q2-update.win32_2.0.0.202105311346/tools/bin/../lib/gcc/arm-none-eabi/9.3.1/../../../../arm-none-eabi/lib/thumb/v7-m/nofp\libc_nano.a
END GROUP
START GROUP
LOAD c:/st/stm32cubeide_1.7.0/stm32cubeide/plugins/com.st.stm32cube.ide.mcu.externaltools.gnu-tools-for-stm32.9-2020-q2-update.win32_2.0.0.202105311346/tools/bin/../lib/gcc/arm-none-eabi/9.3.1/thumb/v7-m/nofp\libgcc.a
LOAD c:/st/stm32cubeide_1.7.0/stm32cubeide/plugins/com.st.stm32cube.ide.mcu.externaltools.gnu-tools-for-stm32.9-2020-q2-update.win32_2.0.0.202105311346/tools/bin/../lib/gcc/arm-none-eabi/9.3.1/../../../../arm-none-eabi/lib/thumb/v7-m/nofp\libc_nano.a
LOAD c:/st/stm32cubeide_1.7.0/stm32cubeide/plugins/com.st.stm32cube.ide.mcu.externaltools.gnu-tools-for-stm32.9-2020-q2-update.win32_2.0.0.202105311346/tools/bin/../lib/gcc/arm-none-eabi/9.3.1/../../../../arm-none-eabi/lib/thumb/v7-m/nofp\libnosys.a
END GROUP
START GROUP
LOAD c:/st/stm32cubeide_1.7.0/stm32cubeide/plugins/com.st.stm32cube.ide.mcu.externaltools.gnu-tools-for-stm32.9-2020-q2-update.win32_2.0.0.202105311346/tools/bin/../lib/gcc/arm-none-eabi/9.3.1/thumb/v7-m/nofp\libgcc.a
LOAD c:/st/stm32cubeide_1.7.0/stm32cubeide/plugins/com.st.stm32cube.ide.mcu.externaltools.gnu-tools-for-stm32.9-2020-q2-update.win32_2.0.0.202105311346/tools/bin/../lib/gcc/arm-none-eabi/9.3.1/../../../../arm-none-eabi/lib/thumb/v7-m/nofp\libc_nano.a
LOAD c:/st/stm32cubeide_1.7.0/stm32cubeide/plugins/com.st.stm32cube.ide.mcu.externaltools.gnu-tools-for-stm32.9-2020-q2-update.win32_2.0.0.202105311346/tools/bin/../lib/gcc/arm-none-eabi/9.3.1/../../../../arm-none-eabi/lib/thumb/v7-m/nofp\libnosys.a
END GROUP
LOAD c:/st/stm32cubeide_1.7.0/stm32cubeide/plugins/com.st.stm32cube.ide.mcu.externaltools.gnu-tools-for-stm32.9-2020-q2-update.win32_2.0.0.202105311346/tools/bin/../lib/gcc/arm-none-eabi/9.3.1/thumb/v7-m/nofp/crtend.o
LOAD c:/st/stm32cubeide_1.7.0/stm32cubeide/plugins/com.st.stm32cube.ide.mcu.externaltools.gnu-tools-for-stm32.9-2020-q2-update.win32_2.0.0.202105311346/tools/bin/../lib/gcc/arm-none-eabi/9.3.1/thumb/v7-m/nofp/crtn.o
                0x0000000020002800                _estack = (ORIGIN (RAM) + LENGTH (RAM))
                0x0000000000000200                _Min_Heap_Size = 0x200
                0x0000000000000400                _Min_Stack_Size = 0x400

.isr_vector     0x0000000008000000      0x10c
                0x0000000008000000                . = ALIGN (0x4)
 *(.isr_vector)
 .isr_vector    0x0000000008000000      0x10c ./Core/Startup/startup_stm32f103c6ux.o
                0x0000000008000000                g_pfnVectors
                0x000000000800010c                . = ALIGN (0x4)

.text           0x000000000800010c     0x22a8
                0x000000000800010c                . = ALIGN (0x4)
 *(.text)
 .text          0x000000000800010c       0x40 c:/st/stm32cubeide_1.7.0/stm32cubeide/plugins/com.st.stm32cube.ide.mcu.externaltools.gnu-tools-for-stm32.9-2020-q2-update.win32_2.0.0.202105311346/tools/bin/../lib/gcc/arm-none-eabi/9.3.1/thumb/v7-m/nofp/crtbegin.o
 *(.text*)
 .text.button_reading
                0x000000000800014c      0x198 ./Core/Src/button.o
                0x000000000800014c                button_reading
 .text.isButtonPressed
                0x00000000080002e4       0x3c ./Core/Src/button.o
                0x00000000080002e4                isButtonPressed
 .text.isButtonPressed3s
                0x0000000008000320       0x3c ./Core/Src/button.o
                0x0000000008000320                isButtonPressed3s
 .text.clear7SEGs
                0x000000000800035c       0x18 ./Core/Src/display.o
                0x000000000800035c                clear7SEGs
 .text.clearEN  0x0000000008000374       0x18 ./Core/Src/display.o
                0x0000000008000374                clearEN
 .text.openEN   0x000000000800038c       0x18 ./Core/Src/display.o
                0x000000000800038c                openEN
 .text.display7SEG
                0x00000000080003a4       0xf0 ./Core/Src/display.o
                0x00000000080003a4                display7SEG
 .text.resetBuffer
                0x0000000008000494       0x1c ./Core/Src/display.o
                0x0000000008000494                resetBuffer
 .text.increaseBuffer
                0x00000000080004b0       0x2c ./Core/Src/display.o
                0x00000000080004b0                increaseBuffer
 .text.decreaseBuffer
                0x00000000080004dc       0x2c ./Core/Src/display.o
                0x00000000080004dc                decreaseBuffer
 .text.updateBuffer
                0x0000000008000508       0x24 ./Core/Src/display.o
                0x0000000008000508                updateBuffer
 .text.bufferValue
                0x000000000800052c       0x14 ./Core/Src/display.o
                0x000000000800052c                bufferValue
 .text.fsm_long_pressed_run
                0x0000000008000540       0xa4 ./Core/Src/fsm_long_pressed.o
                0x0000000008000540                fsm_long_pressed_run
 .text.fsm_short_pressed_run
                0x00000000080005e4      0x2c4 ./Core/Src/fsm_short_pressed.o
                0x00000000080005e4                fsm_short_pressed_run
 .text.main     0x00000000080008a8       0x28 ./Core/Src/main.o
                0x00000000080008a8                main
 .text.SystemClock_Config
                0x00000000080008d0       0x76 ./Core/Src/main.o
                0x00000000080008d0                SystemClock_Config
 *fill*         0x0000000008000946        0x2 
 .text.MX_TIM2_Init
                0x0000000008000948       0x98 ./Core/Src/main.o
 .text.MX_GPIO_Init
                0x00000000080009e0       0xf4 ./Core/Src/main.o
 .text.Error_Handler
                0x0000000008000ad4        0xa ./Core/Src/main.o
                0x0000000008000ad4                Error_Handler
 *fill*         0x0000000008000ade        0x2 
 .text.setTimer
                0x0000000008000ae0       0x54 ./Core/Src/software_timer.o
                0x0000000008000ae0                setTimer
 .text.timerRun
                0x0000000008000b34       0x60 ./Core/Src/software_timer.o
                0x0000000008000b34                timerRun
 .text.HAL_TIM_PeriodElapsedCallback
                0x0000000008000b94       0x4c ./Core/Src/software_timer.o
                0x0000000008000b94                HAL_TIM_PeriodElapsedCallback
 .text.HAL_MspInit
                0x0000000008000be0       0x64 ./Core/Src/stm32f1xx_hal_msp.o
                0x0000000008000be0                HAL_MspInit
 .text.HAL_TIM_Base_MspInit
                0x0000000008000c44       0x48 ./Core/Src/stm32f1xx_hal_msp.o
                0x0000000008000c44                HAL_TIM_Base_MspInit
 .text.NMI_Handler
                0x0000000008000c8c        0x6 ./Core/Src/stm32f1xx_it.o
                0x0000000008000c8c                NMI_Handler
 .text.HardFault_Handler
                0x0000000008000c92        0x6 ./Core/Src/stm32f1xx_it.o
                0x0000000008000c92                HardFault_Handler
 .text.MemManage_Handler
                0x0000000008000c98        0x6 ./Core/Src/stm32f1xx_it.o
                0x0000000008000c98                MemManage_Handler
 .text.BusFault_Handler
                0x0000000008000c9e        0x6 ./Core/Src/stm32f1xx_it.o
                0x0000000008000c9e                BusFault_Handler
 .text.UsageFault_Handler
                0x0000000008000ca4        0x6 ./Core/Src/stm32f1xx_it.o
                0x0000000008000ca4                UsageFault_Handler
 .text.SVC_Handler
                0x0000000008000caa        0xc ./Core/Src/stm32f1xx_it.o
                0x0000000008000caa                SVC_Handler
 .text.DebugMon_Handler
                0x0000000008000cb6        0xc ./Core/Src/stm32f1xx_it.o
                0x0000000008000cb6                DebugMon_Handler
 .text.PendSV_Handler
                0x0000000008000cc2        0xc ./Core/Src/stm32f1xx_it.o
                0x0000000008000cc2                PendSV_Handler
 .text.SysTick_Handler
                0x0000000008000cce        0xc ./Core/Src/stm32f1xx_it.o
                0x0000000008000cce                SysTick_Handler
 *fill*         0x0000000008000cda        0x2 
 .text.TIM2_IRQHandler
                0x0000000008000cdc       0x14 ./Core/Src/stm32f1xx_it.o
                0x0000000008000cdc                TIM2_IRQHandler
 .text.SystemInit
                0x0000000008000cf0        0xc ./Core/Src/system_stm32f1xx.o
                0x0000000008000cf0                SystemInit
 .text.Reset_Handler
                0x0000000008000cfc       0x48 ./Core/Startup/startup_stm32f103c6ux.o
                0x0000000008000cfc                Reset_Handler
 .text.Default_Handler
                0x0000000008000d44        0x2 ./Core/Startup/startup_stm32f103c6ux.o
                0x0000000008000d44                RTC_Alarm_IRQHandler
                0x0000000008000d44                EXTI2_IRQHandler
                0x0000000008000d44                TIM1_CC_IRQHandler
                0x0000000008000d44                PVD_IRQHandler
                0x0000000008000d44                EXTI3_IRQHandler
                0x0000000008000d44                EXTI0_IRQHandler
                0x0000000008000d44                ADC1_2_IRQHandler
                0x0000000008000d44                SPI1_IRQHandler
                0x0000000008000d44                TAMPER_IRQHandler
                0x0000000008000d44                DMA1_Channel4_IRQHandler
                0x0000000008000d44                RTC_IRQHandler
                0x0000000008000d44                DMA1_Channel7_IRQHandler
                0x0000000008000d44                CAN1_RX1_IRQHandler
                0x0000000008000d44                I2C1_EV_IRQHandler
                0x0000000008000d44                DMA1_Channel6_IRQHandler
                0x0000000008000d44                TIM3_IRQHandler
                0x0000000008000d44                RCC_IRQHandler
                0x0000000008000d44                TIM1_TRG_COM_IRQHandler
                0x0000000008000d44                DMA1_Channel1_IRQHandler
                0x0000000008000d44                Default_Handler
                0x0000000008000d44                EXTI15_10_IRQHandler
                0x0000000008000d44                EXTI9_5_IRQHandler
                0x0000000008000d44                DMA1_Channel5_IRQHandler
                0x0000000008000d44                EXTI4_IRQHandler
                0x0000000008000d44                USB_LP_CAN1_RX0_IRQHandler
                0x0000000008000d44                USB_HP_CAN1_TX_IRQHandler
                0x0000000008000d44                DMA1_Channel3_IRQHandler
                0x0000000008000d44                TIM1_UP_IRQHandler
                0x0000000008000d44                WWDG_IRQHandler
                0x0000000008000d44                TIM1_BRK_IRQHandler
                0x0000000008000d44                EXTI1_IRQHandler
                0x0000000008000d44                USART2_IRQHandler
                0x0000000008000d44                DMA1_Channel2_IRQHandler
                0x0000000008000d44                CAN1_SCE_IRQHandler
                0x0000000008000d44                FLASH_IRQHandler
                0x0000000008000d44                USART1_IRQHandler
                0x0000000008000d44                I2C1_ER_IRQHandler
                0x0000000008000d44                USBWakeUp_IRQHandler
 *fill*         0x0000000008000d46        0x2 
 .text.HAL_Init
                0x0000000008000d48       0x2c ./Drivers/STM32F1xx_HAL_Driver/Src/stm32f1xx_hal.o
                0x0000000008000d48                HAL_Init
 .text.HAL_InitTick
                0x0000000008000d74       0x60 ./Drivers/STM32F1xx_HAL_Driver/Src/stm32f1xx_hal.o
                0x0000000008000d74                HAL_InitTick
 .text.HAL_IncTick
                0x0000000008000dd4       0x24 ./Drivers/STM32F1xx_HAL_Driver/Src/stm32f1xx_hal.o
                0x0000000008000dd4                HAL_IncTick
 .text.HAL_GetTick
                0x0000000008000df8       0x14 ./Drivers/STM32F1xx_HAL_Driver/Src/stm32f1xx_hal.o
                0x0000000008000df8                HAL_GetTick
 .text.__NVIC_SetPriorityGrouping
                0x0000000008000e0c       0x48 ./Drivers/STM32F1xx_HAL_Driver/Src/stm32f1xx_hal_cortex.o
 .text.__NVIC_GetPriorityGrouping
                0x0000000008000e54       0x1c ./Drivers/STM32F1xx_HAL_Driver/Src/stm32f1xx_hal_cortex.o
 .text.__NVIC_EnableIRQ
                0x0000000008000e70       0x38 ./Drivers/STM32F1xx_HAL_Driver/Src/stm32f1xx_hal_cortex.o
 .text.__NVIC_SetPriority
                0x0000000008000ea8       0x54 ./Drivers/STM32F1xx_HAL_Driver/Src/stm32f1xx_hal_cortex.o
 .text.NVIC_EncodePriority
                0x0000000008000efc       0x64 ./Drivers/STM32F1xx_HAL_Driver/Src/stm32f1xx_hal_cortex.o
 .text.SysTick_Config
                0x0000000008000f60       0x44 ./Drivers/STM32F1xx_HAL_Driver/Src/stm32f1xx_hal_cortex.o
 .text.HAL_NVIC_SetPriorityGrouping
                0x0000000008000fa4       0x16 ./Drivers/STM32F1xx_HAL_Driver/Src/stm32f1xx_hal_cortex.o
                0x0000000008000fa4                HAL_NVIC_SetPriorityGrouping
 .text.HAL_NVIC_SetPriority
                0x0000000008000fba       0x38 ./Drivers/STM32F1xx_HAL_Driver/Src/stm32f1xx_hal_cortex.o
                0x0000000008000fba                HAL_NVIC_SetPriority
 .text.HAL_NVIC_EnableIRQ
                0x0000000008000ff2       0x1c ./Drivers/STM32F1xx_HAL_Driver/Src/stm32f1xx_hal_cortex.o
                0x0000000008000ff2                HAL_NVIC_EnableIRQ
 .text.HAL_SYSTICK_Config
                0x000000000800100e       0x18 ./Drivers/STM32F1xx_HAL_Driver/Src/stm32f1xx_hal_cortex.o
                0x000000000800100e                HAL_SYSTICK_Config
 *fill*         0x0000000008001026        0x2 
 .text.HAL_GPIO_Init
                0x0000000008001028      0x2f4 ./Drivers/STM32F1xx_HAL_Driver/Src/stm32f1xx_hal_gpio.o
                0x0000000008001028                HAL_GPIO_Init
 .text.HAL_GPIO_ReadPin
                0x000000000800131c       0x2e ./Drivers/STM32F1xx_HAL_Driver/Src/stm32f1xx_hal_gpio.o
                0x000000000800131c                HAL_GPIO_ReadPin
 .text.HAL_GPIO_WritePin
                0x000000000800134a       0x30 ./Drivers/STM32F1xx_HAL_Driver/Src/stm32f1xx_hal_gpio.o
                0x000000000800134a                HAL_GPIO_WritePin
 .text.HAL_GPIO_TogglePin
                0x000000000800137a       0x32 ./Drivers/STM32F1xx_HAL_Driver/Src/stm32f1xx_hal_gpio.o
                0x000000000800137a                HAL_GPIO_TogglePin
 .text.HAL_RCC_OscConfig
                0x00000000080013ac      0x500 ./Drivers/STM32F1xx_HAL_Driver/Src/stm32f1xx_hal_rcc.o
                0x00000000080013ac                HAL_RCC_OscConfig
 .text.HAL_RCC_ClockConfig
                0x00000000080018ac      0x1d4 ./Drivers/STM32F1xx_HAL_Driver/Src/stm32f1xx_hal_rcc.o
                0x00000000080018ac                HAL_RCC_ClockConfig
 .text.HAL_RCC_GetSysClockFreq
                0x0000000008001a80       0xc0 ./Drivers/STM32F1xx_HAL_Driver/Src/stm32f1xx_hal_rcc.o
                0x0000000008001a80                HAL_RCC_GetSysClockFreq
 .text.RCC_Delay
                0x0000000008001b40       0x3c ./Drivers/STM32F1xx_HAL_Driver/Src/stm32f1xx_hal_rcc.o
 .text.HAL_TIM_Base_Init
                0x0000000008001b7c       0x9e ./Drivers/STM32F1xx_HAL_Driver/Src/stm32f1xx_hal_tim.o
                0x0000000008001b7c                HAL_TIM_Base_Init
 *fill*         0x0000000008001c1a        0x2 
 .text.HAL_TIM_Base_Start_IT
                0x0000000008001c1c       0x98 ./Drivers/STM32F1xx_HAL_Driver/Src/stm32f1xx_hal_tim.o
                0x0000000008001c1c                HAL_TIM_Base_Start_IT
 .text.HAL_TIM_IRQHandler
                0x0000000008001cb4      0x210 ./Drivers/STM32F1xx_HAL_Driver/Src/stm32f1xx_hal_tim.o
                0x0000000008001cb4                HAL_TIM_IRQHandler
 .text.HAL_TIM_ConfigClockSource
                0x0000000008001ec4      0x188 ./Drivers/STM32F1xx_HAL_Driver/Src/stm32f1xx_hal_tim.o
                0x0000000008001ec4                HAL_TIM_ConfigClockSource
 .text.HAL_TIM_OC_DelayElapsedCallback
                0x000000000800204c       0x12 ./Drivers/STM32F1xx_HAL_Driver/Src/stm32f1xx_hal_tim.o
                0x000000000800204c                HAL_TIM_OC_DelayElapsedCallback
 .text.HAL_TIM_IC_CaptureCallback
                0x000000000800205e       0x12 ./Drivers/STM32F1xx_HAL_Driver/Src/stm32f1xx_hal_tim.o
                0x000000000800205e                HAL_TIM_IC_CaptureCallback
 .text.HAL_TIM_PWM_PulseFinishedCallback
                0x0000000008002070       0x12 ./Drivers/STM32F1xx_HAL_Driver/Src/stm32f1xx_hal_tim.o
                0x0000000008002070                HAL_TIM_PWM_PulseFinishedCallback
 .text.HAL_TIM_TriggerCallback
                0x0000000008002082       0x12 ./Drivers/STM32F1xx_HAL_Driver/Src/stm32f1xx_hal_tim.o
                0x0000000008002082                HAL_TIM_TriggerCallback
 .text.TIM_Base_SetConfig
                0x0000000008002094       0xb0 ./Drivers/STM32F1xx_HAL_Driver/Src/stm32f1xx_hal_tim.o
                0x0000000008002094                TIM_Base_SetConfig
 .text.TIM_TI1_ConfigInputStage
                0x0000000008002144       0x5c ./Drivers/STM32F1xx_HAL_Driver/Src/stm32f1xx_hal_tim.o
 .text.TIM_TI2_ConfigInputStage
                0x00000000080021a0       0x5e ./Drivers/STM32F1xx_HAL_Driver/Src/stm32f1xx_hal_tim.o
 .text.TIM_ITRx_SetConfig
                0x00000000080021fe       0x34 ./Drivers/STM32F1xx_HAL_Driver/Src/stm32f1xx_hal_tim.o
 .text.TIM_ETR_SetConfig
                0x0000000008002232       0x3e ./Drivers/STM32F1xx_HAL_Driver/Src/stm32f1xx_hal_tim.o
                0x0000000008002232                TIM_ETR_SetConfig
 .text.HAL_TIMEx_MasterConfigSynchronization
                0x0000000008002270       0xb0 ./Drivers/STM32F1xx_HAL_Driver/Src/stm32f1xx_hal_tim_ex.o
                0x0000000008002270                HAL_TIMEx_MasterConfigSynchronization
 .text.HAL_TIMEx_CommutCallback
                0x0000000008002320       0x12 ./Drivers/STM32F1xx_HAL_Driver/Src/stm32f1xx_hal_tim_ex.o
                0x0000000008002320                HAL_TIMEx_CommutCallback
 .text.HAL_TIMEx_BreakCallback
                0x0000000008002332       0x12 ./Drivers/STM32F1xx_HAL_Driver/Src/stm32f1xx_hal_tim_ex.o
                0x0000000008002332                HAL_TIMEx_BreakCallback
 .text.__libc_init_array
                0x0000000008002344       0x48 c:/st/stm32cubeide_1.7.0/stm32cubeide/plugins/com.st.stm32cube.ide.mcu.externaltools.gnu-tools-for-stm32.9-2020-q2-update.win32_2.0.0.202105311346/tools/bin/../lib/gcc/arm-none-eabi/9.3.1/../../../../arm-none-eabi/lib/thumb/v7-m/nofp\libc_nano.a(lib_a-init.o)
                0x0000000008002344                __libc_init_array
 .text.memset   0x000000000800238c       0x10 c:/st/stm32cubeide_1.7.0/stm32cubeide/plugins/com.st.stm32cube.ide.mcu.externaltools.gnu-tools-for-stm32.9-2020-q2-update.win32_2.0.0.202105311346/tools/bin/../lib/gcc/arm-none-eabi/9.3.1/../../../../arm-none-eabi/lib/thumb/v7-m/nofp\libc_nano.a(lib_a-memset.o)
                0x000000000800238c                memset
 *(.glue_7)
 .glue_7        0x000000000800239c        0x0 linker stubs
 *(.glue_7t)
 .glue_7t       0x000000000800239c        0x0 linker stubs
 *(.eh_frame)
 .eh_frame      0x000000000800239c        0x0 c:/st/stm32cubeide_1.7.0/stm32cubeide/plugins/com.st.stm32cube.ide.mcu.externaltools.gnu-tools-for-stm32.9-2020-q2-update.win32_2.0.0.202105311346/tools/bin/../lib/gcc/arm-none-eabi/9.3.1/thumb/v7-m/nofp/crtbegin.o
 *(.init)
 .init          0x000000000800239c        0x4 c:/st/stm32cubeide_1.7.0/stm32cubeide/plugins/com.st.stm32cube.ide.mcu.externaltools.gnu-tools-for-stm32.9-2020-q2-update.win32_2.0.0.202105311346/tools/bin/../lib/gcc/arm-none-eabi/9.3.1/thumb/v7-m/nofp/crti.o
                0x000000000800239c                _init
 .init          0x00000000080023a0        0x8 c:/st/stm32cubeide_1.7.0/stm32cubeide/plugins/com.st.stm32cube.ide.mcu.externaltools.gnu-tools-for-stm32.9-2020-q2-update.win32_2.0.0.202105311346/tools/bin/../lib/gcc/arm-none-eabi/9.3.1/thumb/v7-m/nofp/crtn.o
 *(.fini)
 .fini          0x00000000080023a8        0x4 c:/st/stm32cubeide_1.7.0/stm32cubeide/plugins/com.st.stm32cube.ide.mcu.externaltools.gnu-tools-for-stm32.9-2020-q2-update.win32_2.0.0.202105311346/tools/bin/../lib/gcc/arm-none-eabi/9.3.1/thumb/v7-m/nofp/crti.o
                0x00000000080023a8                _fini
 .fini          0x00000000080023ac        0x8 c:/st/stm32cubeide_1.7.0/stm32cubeide/plugins/com.st.stm32cube.ide.mcu.externaltools.gnu-tools-for-stm32.9-2020-q2-update.win32_2.0.0.202105311346/tools/bin/../lib/gcc/arm-none-eabi/9.3.1/thumb/v7-m/nofp/crtn.o
                0x00000000080023b4                . = ALIGN (0x4)
                0x00000000080023b4                _etext = .

.vfp11_veneer   0x00000000080023b4        0x0
 .vfp11_veneer  0x00000000080023b4        0x0 linker stubs

.v4_bx          0x00000000080023b4        0x0
 .v4_bx         0x00000000080023b4        0x0 linker stubs

.iplt           0x00000000080023b4        0x0
 .iplt          0x00000000080023b4        0x0 c:/st/stm32cubeide_1.7.0/stm32cubeide/plugins/com.st.stm32cube.ide.mcu.externaltools.gnu-tools-for-stm32.9-2020-q2-update.win32_2.0.0.202105311346/tools/bin/../lib/gcc/arm-none-eabi/9.3.1/thumb/v7-m/nofp/crtbegin.o

.rodata         0x00000000080023b4       0x20
                0x00000000080023b4                . = ALIGN (0x4)
 *(.rodata)
 .rodata        0x00000000080023b4       0x10 ./Drivers/STM32F1xx_HAL_Driver/Src/stm32f1xx_hal_rcc.o
 *(.rodata*)
 .rodata.AHBPrescTable
                0x00000000080023c4       0x10 ./Core/Src/system_stm32f1xx.o
                0x00000000080023c4                AHBPrescTable
                0x00000000080023d4                . = ALIGN (0x4)

.rel.dyn        0x00000000080023d4        0x0
 .rel.iplt      0x00000000080023d4        0x0 c:/st/stm32cubeide_1.7.0/stm32cubeide/plugins/com.st.stm32cube.ide.mcu.externaltools.gnu-tools-for-stm32.9-2020-q2-update.win32_2.0.0.202105311346/tools/bin/../lib/gcc/arm-none-eabi/9.3.1/thumb/v7-m/nofp/crtbegin.o

.ARM.extab      0x00000000080023d4        0x0
                0x00000000080023d4                . = ALIGN (0x4)
 *(.ARM.extab* .gnu.linkonce.armextab.*)
                0x00000000080023d4                . = ALIGN (0x4)

.ARM            0x00000000080023d4        0x0
                0x00000000080023d4                . = ALIGN (0x4)
                0x00000000080023d4                __exidx_start = .
 *(.ARM.exidx*)
                0x00000000080023d4                __exidx_end = .
                0x00000000080023d4                . = ALIGN (0x4)

.preinit_array  0x00000000080023d4        0x0
                0x00000000080023d4                . = ALIGN (0x4)
                0x00000000080023d4                PROVIDE (__preinit_array_start = .)
 *(.preinit_array*)
                0x00000000080023d4                PROVIDE (__preinit_array_end = .)
                0x00000000080023d4                . = ALIGN (0x4)

.init_array     0x00000000080023d4        0x4
                0x00000000080023d4                . = ALIGN (0x4)
                0x00000000080023d4                PROVIDE (__init_array_start = .)
 *(SORT_BY_NAME(.init_array.*))
 *(.init_array*)
 .init_array    0x00000000080023d4        0x4 c:/st/stm32cubeide_1.7.0/stm32cubeide/plugins/com.st.stm32cube.ide.mcu.externaltools.gnu-tools-for-stm32.9-2020-q2-update.win32_2.0.0.202105311346/tools/bin/../lib/gcc/arm-none-eabi/9.3.1/thumb/v7-m/nofp/crtbegin.o
                0x00000000080023d8                PROVIDE (__init_array_end = .)
                0x00000000080023d8                . = ALIGN (0x4)

.fini_array     0x00000000080023d8        0x4
                0x00000000080023d8                . = ALIGN (0x4)
                [!provide]                        PROVIDE (__fini_array_start = .)
 *(SORT_BY_NAME(.fini_array.*))
 *(.fini_array*)
 .fini_array    0x00000000080023d8        0x4 c:/st/stm32cubeide_1.7.0/stm32cubeide/plugins/com.st.stm32cube.ide.mcu.externaltools.gnu-tools-for-stm32.9-2020-q2-update.win32_2.0.0.202105311346/tools/bin/../lib/gcc/arm-none-eabi/9.3.1/thumb/v7-m/nofp/crtbegin.o
                [!provide]                        PROVIDE (__fini_array_end = .)
                0x00000000080023dc                . = ALIGN (0x4)
                0x00000000080023dc                _sidata = LOADADDR (.data)

.data           0x0000000020000000       0x24 load address 0x00000000080023dc
                0x0000000020000000                . = ALIGN (0x4)
                0x0000000020000000                _sdata = .
 *(.data)
 *(.data*)
 .data.port     0x0000000020000000        0xc ./Core/Src/button.o
                0x0000000020000000                port
 .data.pin      0x000000002000000c        0x6 ./Core/Src/button.o
                0x000000002000000c                pin
 *fill*         0x0000000020000012        0x2 
 .data.cnt      0x0000000020000014        0x4 ./Core/Src/software_timer.o
                0x0000000020000014                cnt
 .data.SystemCoreClock
                0x0000000020000018        0x4 ./Core/Src/system_stm32f1xx.o
                0x0000000020000018                SystemCoreClock
 .data.uwTickPrio
                0x000000002000001c        0x4 ./Drivers/STM32F1xx_HAL_Driver/Src/stm32f1xx_hal.o
                0x000000002000001c                uwTickPrio
 .data.uwTickFreq
                0x0000000020000020        0x1 ./Drivers/STM32F1xx_HAL_Driver/Src/stm32f1xx_hal.o
                0x0000000020000020                uwTickFreq
 *(.RamFunc)
 *(.RamFunc*)
                0x0000000020000024                . = ALIGN (0x4)
 *fill*         0x0000000020000021        0x3 
                0x0000000020000024                _edata = .

.igot.plt       0x0000000020000024        0x0 load address 0x0000000008002400
 .igot.plt      0x0000000020000024        0x0 c:/st/stm32cubeide_1.7.0/stm32cubeide/plugins/com.st.stm32cube.ide.mcu.externaltools.gnu-tools-for-stm32.9-2020-q2-update.win32_2.0.0.202105311346/tools/bin/../lib/gcc/arm-none-eabi/9.3.1/thumb/v7-m/nofp/crtbegin.o
                0x0000000020000024                . = ALIGN (0x4)

.bss            0x0000000020000024       0xb8 load address 0x0000000008002400
                0x0000000020000024                _sbss = .
                0x0000000020000024                __bss_start__ = _sbss
 *(.bss)
 .bss           0x0000000020000024       0x1c c:/st/stm32cubeide_1.7.0/stm32cubeide/plugins/com.st.stm32cube.ide.mcu.externaltools.gnu-tools-for-stm32.9-2020-q2-update.win32_2.0.0.202105311346/tools/bin/../lib/gcc/arm-none-eabi/9.3.1/thumb/v7-m/nofp/crtbegin.o
 *(.bss*)
 .bss.buttonBuffer
                0x0000000020000040        0x3 ./Core/Src/button.o
 *fill*         0x0000000020000043        0x1 
 .bss.debounceButtonBuffer1
                0x0000000020000044        0x3 ./Core/Src/button.o
 *fill*         0x0000000020000047        0x1 
 .bss.debounceButtonBuffer2
                0x0000000020000048        0x3 ./Core/Src/button.o
 *fill*         0x000000002000004b        0x1 
 .bss.debounceButtonBuffer3
                0x000000002000004c        0x3 ./Core/Src/button.o
 *fill*         0x000000002000004f        0x1 
 .bss.flagLongPressed
                0x0000000020000050        0xc ./Core/Src/button.o
                0x0000000020000050                flagLongPressed
 .bss.led_buffer
                0x000000002000005c        0x4 ./Core/Src/display.o
                0x000000002000005c                led_buffer
 .bss.status    0x0000000020000060        0x4 ./Core/Src/global.o
                0x0000000020000060                status
 .bss.timerFlag
                0x0000000020000064        0x4 ./Core/Src/software_timer.o
                0x0000000020000064                timerFlag
 .bss.counter   0x0000000020000068        0x4 ./Core/Src/software_timer.o
                0x0000000020000068                counter
 *(COMMON)
 COMMON         0x000000002000006c       0x24 ./Core/Src/button.o
                0x000000002000006c                buttonFlag
                0x0000000020000078                timeOut
                0x0000000020000084                buttonFlag3s
 COMMON         0x0000000020000090       0x48 ./Core/Src/main.o
                0x0000000020000090                htim2
 COMMON         0x00000000200000d8        0x4 ./Drivers/STM32F1xx_HAL_Driver/Src/stm32f1xx_hal.o
                0x00000000200000d8                uwTick
                0x00000000200000dc                . = ALIGN (0x4)
                0x00000000200000dc                _ebss = .
                0x00000000200000dc                __bss_end__ = _ebss

._user_heap_stack
                0x00000000200000dc      0x604 load address 0x0000000008002400
                0x00000000200000e0                . = ALIGN (0x8)
 *fill*         0x00000000200000dc        0x4 
                [!provide]                        PROVIDE (end = .)
                0x00000000200000e0                PROVIDE (_end = .)
                0x00000000200002e0                . = (. + _Min_Heap_Size)
 *fill*         0x00000000200000e0      0x200 
                0x00000000200006e0                . = (. + _Min_Stack_Size)
 *fill*         0x00000000200002e0      0x400 
                0x00000000200006e0                . = ALIGN (0x8)

/DISCARD/
 libc.a(*)
 libm.a(*)
 libgcc.a(*)

.ARM.attributes
                0x0000000000000000       0x29
 *(.ARM.attributes)
 .ARM.attributes
                0x0000000000000000       0x1d c:/st/stm32cubeide_1.7.0/stm32cubeide/plugins/com.st.stm32cube.ide.mcu.externaltools.gnu-tools-for-stm32.9-2020-q2-update.win32_2.0.0.202105311346/tools/bin/../lib/gcc/arm-none-eabi/9.3.1/thumb/v7-m/nofp/crti.o
 .ARM.attributes
                0x000000000000001d       0x2d c:/st/stm32cubeide_1.7.0/stm32cubeide/plugins/com.st.stm32cube.ide.mcu.externaltools.gnu-tools-for-stm32.9-2020-q2-update.win32_2.0.0.202105311346/tools/bin/../lib/gcc/arm-none-eabi/9.3.1/thumb/v7-m/nofp/crtbegin.o
 .ARM.attributes
                0x000000000000004a       0x2d ./Core/Src/button.o
 .ARM.attributes
                0x0000000000000077       0x2d ./Core/Src/display.o
 .ARM.attributes
                0x00000000000000a4       0x2d ./Core/Src/fsm_long_pressed.o
 .ARM.attributes
                0x00000000000000d1       0x2d ./Core/Src/fsm_short_pressed.o
 .ARM.attributes
                0x00000000000000fe       0x33 ./Core/Src/global.o
 .ARM.attributes
                0x0000000000000131       0x2d ./Core/Src/main.o
 .ARM.attributes
                0x000000000000015e       0x2d ./Core/Src/software_timer.o
 .ARM.attributes
                0x000000000000018b       0x2d ./Core/Src/stm32f1xx_hal_msp.o
 .ARM.attributes
                0x00000000000001b8       0x2d ./Core/Src/stm32f1xx_it.o
 .ARM.attributes
                0x00000000000001e5       0x2d ./Core/Src/system_stm32f1xx.o
 .ARM.attributes
                0x0000000000000212       0x21 ./Core/Startup/startup_stm32f103c6ux.o
 .ARM.attributes
                0x0000000000000233       0x2d ./Drivers/STM32F1xx_HAL_Driver/Src/stm32f1xx_hal.o
 .ARM.attributes
                0x0000000000000260       0x2d ./Drivers/STM32F1xx_HAL_Driver/Src/stm32f1xx_hal_cortex.o
 .ARM.attributes
                0x000000000000028d       0x2d ./Drivers/STM32F1xx_HAL_Driver/Src/stm32f1xx_hal_gpio.o
 .ARM.attributes
                0x00000000000002ba       0x2d ./Drivers/STM32F1xx_HAL_Driver/Src/stm32f1xx_hal_rcc.o
 .ARM.attributes
                0x00000000000002e7       0x2d ./Drivers/STM32F1xx_HAL_Driver/Src/stm32f1xx_hal_tim.o
 .ARM.attributes
                0x0000000000000314       0x2d ./Drivers/STM32F1xx_HAL_Driver/Src/stm32f1xx_hal_tim_ex.o
 .ARM.attributes
                0x0000000000000341       0x2d c:/st/stm32cubeide_1.7.0/stm32cubeide/plugins/com.st.stm32cube.ide.mcu.externaltools.gnu-tools-for-stm32.9-2020-q2-update.win32_2.0.0.202105311346/tools/bin/../lib/gcc/arm-none-eabi/9.3.1/../../../../arm-none-eabi/lib/thumb/v7-m/nofp\libc_nano.a(lib_a-init.o)
 .ARM.attributes
                0x000000000000036e       0x2d c:/st/stm32cubeide_1.7.0/stm32cubeide/plugins/com.st.stm32cube.ide.mcu.externaltools.gnu-tools-for-stm32.9-2020-q2-update.win32_2.0.0.202105311346/tools/bin/../lib/gcc/arm-none-eabi/9.3.1/../../../../arm-none-eabi/lib/thumb/v7-m/nofp\libc_nano.a(lib_a-memset.o)
 .ARM.attributes
                0x000000000000039b       0x1d c:/st/stm32cubeide_1.7.0/stm32cubeide/plugins/com.st.stm32cube.ide.mcu.externaltools.gnu-tools-for-stm32.9-2020-q2-update.win32_2.0.0.202105311346/tools/bin/../lib/gcc/arm-none-eabi/9.3.1/thumb/v7-m/nofp/crtn.o
OUTPUT(Midterm.elf elf32-littlearm)
LOAD linker stubs
LOAD c:/st/stm32cubeide_1.7.0/stm32cubeide/plugins/com.st.stm32cube.ide.mcu.externaltools.gnu-tools-for-stm32.9-2020-q2-update.win32_2.0.0.202105311346/tools/bin/../lib/gcc/arm-none-eabi/9.3.1/../../../../arm-none-eabi/lib/thumb/v7-m/nofp\libc.a
LOAD c:/st/stm32cubeide_1.7.0/stm32cubeide/plugins/com.st.stm32cube.ide.mcu.externaltools.gnu-tools-for-stm32.9-2020-q2-update.win32_2.0.0.202105311346/tools/bin/../lib/gcc/arm-none-eabi/9.3.1/../../../../arm-none-eabi/lib/thumb/v7-m/nofp\libm.a
LOAD c:/st/stm32cubeide_1.7.0/stm32cubeide/plugins/com.st.stm32cube.ide.mcu.externaltools.gnu-tools-for-stm32.9-2020-q2-update.win32_2.0.0.202105311346/tools/bin/../lib/gcc/arm-none-eabi/9.3.1/thumb/v7-m/nofp\libgcc.a

.debug_info     0x0000000000000000     0x96bd
 .debug_info    0x0000000000000000      0x3d9 ./Core/Src/button.o
 .debug_info    0x00000000000003d9      0x35d ./Core/Src/display.o
 .debug_info    0x0000000000000736      0x1ba ./Core/Src/fsm_long_pressed.o
 .debug_info    0x00000000000008f0      0x1ba ./Core/Src/fsm_short_pressed.o
 .debug_info    0x0000000000000aaa      0x1ae ./Core/Src/global.o
 .debug_info    0x0000000000000c58      0xba7 ./Core/Src/main.o
 .debug_info    0x00000000000017ff      0x873 ./Core/Src/software_timer.o
 .debug_info    0x0000000000002072      0xa04 ./Core/Src/stm32f1xx_hal_msp.o
 .debug_info    0x0000000000002a76      0x7b4 ./Core/Src/stm32f1xx_it.o
 .debug_info    0x000000000000322a      0x2be ./Core/Src/system_stm32f1xx.o
 .debug_info    0x00000000000034e8       0x22 ./Core/Startup/startup_stm32f103c6ux.o
 .debug_info    0x000000000000350a      0x74c ./Drivers/STM32F1xx_HAL_Driver/Src/stm32f1xx_hal.o
 .debug_info    0x0000000000003c56      0xbbe ./Drivers/STM32F1xx_HAL_Driver/Src/stm32f1xx_hal_cortex.o
 .debug_info    0x0000000000004814      0x701 ./Drivers/STM32F1xx_HAL_Driver/Src/stm32f1xx_hal_gpio.o
 .debug_info    0x0000000000004f15      0x88e ./Drivers/STM32F1xx_HAL_Driver/Src/stm32f1xx_hal_rcc.o
 .debug_info    0x00000000000057a3     0x2a45 ./Drivers/STM32F1xx_HAL_Driver/Src/stm32f1xx_hal_tim.o
 .debug_info    0x00000000000081e8     0x14d5 ./Drivers/STM32F1xx_HAL_Driver/Src/stm32f1xx_hal_tim_ex.o

.debug_abbrev   0x0000000000000000     0x1b9d
 .debug_abbrev  0x0000000000000000      0x17f ./Core/Src/button.o
 .debug_abbrev  0x000000000000017f      0x150 ./Core/Src/display.o
 .debug_abbrev  0x00000000000002cf       0xb6 ./Core/Src/fsm_long_pressed.o
 .debug_abbrev  0x0000000000000385       0xb6 ./Core/Src/fsm_short_pressed.o
 .debug_abbrev  0x000000000000043b       0xa9 ./Core/Src/global.o
 .debug_abbrev  0x00000000000004e4      0x21b ./Core/Src/main.o
 .debug_abbrev  0x00000000000006ff      0x1f2 ./Core/Src/software_timer.o
 .debug_abbrev  0x00000000000008f1      0x1b7 ./Core/Src/stm32f1xx_hal_msp.o
 .debug_abbrev  0x0000000000000aa8      0x176 ./Core/Src/stm32f1xx_it.o
 .debug_abbrev  0x0000000000000c1e      0x14e ./Core/Src/system_stm32f1xx.o
 .debug_abbrev  0x0000000000000d6c       0x12 ./Core/Startup/startup_stm32f103c6ux.o
 .debug_abbrev  0x0000000000000d7e      0x1ed ./Drivers/STM32F1xx_HAL_Driver/Src/stm32f1xx_hal.o
 .debug_abbrev  0x0000000000000f6b      0x313 ./Drivers/STM32F1xx_HAL_Driver/Src/stm32f1xx_hal_cortex.o
 .debug_abbrev  0x000000000000127e      0x1e8 ./Drivers/STM32F1xx_HAL_Driver/Src/stm32f1xx_hal_gpio.o
 .debug_abbrev  0x0000000000001466      0x273 ./Drivers/STM32F1xx_HAL_Driver/Src/stm32f1xx_hal_rcc.o
 .debug_abbrev  0x00000000000016d9      0x25e ./Drivers/STM32F1xx_HAL_Driver/Src/stm32f1xx_hal_tim.o
 .debug_abbrev  0x0000000000001937      0x266 ./Drivers/STM32F1xx_HAL_Driver/Src/stm32f1xx_hal_tim_ex.o

.debug_aranges  0x0000000000000000      0xa40
 .debug_aranges
                0x0000000000000000       0x30 ./Core/Src/button.o
 .debug_aranges
                0x0000000000000030       0x60 ./Core/Src/display.o
 .debug_aranges
                0x0000000000000090       0x20 ./Core/Src/fsm_long_pressed.o
 .debug_aranges
                0x00000000000000b0       0x20 ./Core/Src/fsm_short_pressed.o
 .debug_aranges
                0x00000000000000d0       0x18 ./Core/Src/global.o
 .debug_aranges
                0x00000000000000e8       0x40 ./Core/Src/main.o
 .debug_aranges
                0x0000000000000128       0x30 ./Core/Src/software_timer.o
 .debug_aranges
                0x0000000000000158       0x30 ./Core/Src/stm32f1xx_hal_msp.o
 .debug_aranges
                0x0000000000000188       0x68 ./Core/Src/stm32f1xx_it.o
 .debug_aranges
                0x00000000000001f0       0x28 ./Core/Src/system_stm32f1xx.o
 .debug_aranges
                0x0000000000000218       0x28 ./Core/Startup/startup_stm32f103c6ux.o
 .debug_aranges
                0x0000000000000240       0xe0 ./Drivers/STM32F1xx_HAL_Driver/Src/stm32f1xx_hal.o
 .debug_aranges
                0x0000000000000320      0x100 ./Drivers/STM32F1xx_HAL_Driver/Src/stm32f1xx_hal_cortex.o
 .debug_aranges
                0x0000000000000420       0x58 ./Drivers/STM32F1xx_HAL_Driver/Src/stm32f1xx_hal_gpio.o
 .debug_aranges
                0x0000000000000478       0x90 ./Drivers/STM32F1xx_HAL_Driver/Src/stm32f1xx_hal_rcc.o
 .debug_aranges
                0x0000000000000508      0x3d0 ./Drivers/STM32F1xx_HAL_Driver/Src/stm32f1xx_hal_tim.o
 .debug_aranges
                0x00000000000008d8      0x168 ./Drivers/STM32F1xx_HAL_Driver/Src/stm32f1xx_hal_tim_ex.o

.debug_ranges   0x0000000000000000      0x930
 .debug_ranges  0x0000000000000000       0x20 ./Core/Src/button.o
 .debug_ranges  0x0000000000000020       0x50 ./Core/Src/display.o
 .debug_ranges  0x0000000000000070       0x10 ./Core/Src/fsm_long_pressed.o
 .debug_ranges  0x0000000000000080       0x10 ./Core/Src/fsm_short_pressed.o
 .debug_ranges  0x0000000000000090       0x30 ./Core/Src/main.o
 .debug_ranges  0x00000000000000c0       0x20 ./Core/Src/software_timer.o
 .debug_ranges  0x00000000000000e0       0x20 ./Core/Src/stm32f1xx_hal_msp.o
 .debug_ranges  0x0000000000000100       0x58 ./Core/Src/stm32f1xx_it.o
 .debug_ranges  0x0000000000000158       0x18 ./Core/Src/system_stm32f1xx.o
 .debug_ranges  0x0000000000000170       0x20 ./Core/Startup/startup_stm32f103c6ux.o
 .debug_ranges  0x0000000000000190       0xd0 ./Drivers/STM32F1xx_HAL_Driver/Src/stm32f1xx_hal.o
 .debug_ranges  0x0000000000000260       0xf0 ./Drivers/STM32F1xx_HAL_Driver/Src/stm32f1xx_hal_cortex.o
 .debug_ranges  0x0000000000000350       0x48 ./Drivers/STM32F1xx_HAL_Driver/Src/stm32f1xx_hal_gpio.o
 .debug_ranges  0x0000000000000398       0x80 ./Drivers/STM32F1xx_HAL_Driver/Src/stm32f1xx_hal_rcc.o
 .debug_ranges  0x0000000000000418      0x3c0 ./Drivers/STM32F1xx_HAL_Driver/Src/stm32f1xx_hal_tim.o
 .debug_ranges  0x00000000000007d8      0x158 ./Drivers/STM32F1xx_HAL_Driver/Src/stm32f1xx_hal_tim_ex.o

.debug_macro    0x0000000000000000    0x16efa
 .debug_macro   0x0000000000000000      0x1f3 ./Core/Src/button.o
 .debug_macro   0x00000000000001f3      0xa9c ./Core/Src/button.o
 .debug_macro   0x0000000000000c8f       0x16 ./Core/Src/button.o
 .debug_macro   0x0000000000000ca5       0x1c ./Core/Src/button.o
 .debug_macro   0x0000000000000cc1      0x215 ./Core/Src/button.o
 .debug_macro   0x0000000000000ed6       0x2e ./Core/Src/button.o
 .debug_macro   0x0000000000000f04       0x22 ./Core/Src/button.o
 .debug_macro   0x0000000000000f26       0x22 ./Core/Src/button.o
 .debug_macro   0x0000000000000f48       0x8e ./Core/Src/button.o
 .debug_macro   0x0000000000000fd6       0x51 ./Core/Src/button.o
 .debug_macro   0x0000000000001027      0x103 ./Core/Src/button.o
 .debug_macro   0x000000000000112a       0x6a ./Core/Src/button.o
 .debug_macro   0x0000000000001194      0x1df ./Core/Src/button.o
 .debug_macro   0x0000000000001373       0x1c ./Core/Src/button.o
 .debug_macro   0x000000000000138f       0x22 ./Core/Src/button.o
 .debug_macro   0x00000000000013b1       0xc3 ./Core/Src/button.o
 .debug_macro   0x0000000000001474      0xd23 ./Core/Src/button.o
 .debug_macro   0x0000000000002197     0xde75 ./Core/Src/button.o
 .debug_macro   0x000000000001000c       0x6d ./Core/Src/button.o
 .debug_macro   0x0000000000010079     0x3468 ./Core/Src/button.o
 .debug_macro   0x00000000000134e1      0x174 ./Core/Src/button.o
 .debug_macro   0x0000000000013655       0x5c ./Core/Src/button.o
 .debug_macro   0x00000000000136b1      0x5be ./Core/Src/button.o
 .debug_macro   0x0000000000013c6f      0x1b7 ./Core/Src/button.o
 .debug_macro   0x0000000000013e26      0x1cb ./Core/Src/button.o
 .debug_macro   0x0000000000013ff1      0x114 ./Core/Src/button.o
 .debug_macro   0x0000000000014105      0x1b2 ./Core/Src/button.o
 .debug_macro   0x00000000000142b7       0x27 ./Core/Src/button.o
 .debug_macro   0x00000000000142de      0x12f ./Core/Src/button.o
 .debug_macro   0x000000000001440d      0x1bc ./Core/Src/button.o
 .debug_macro   0x00000000000145c9       0x34 ./Core/Src/button.o
 .debug_macro   0x00000000000145fd       0x3c ./Core/Src/button.o
 .debug_macro   0x0000000000014639       0x57 ./Core/Src/button.o
 .debug_macro   0x0000000000014690       0x88 ./Core/Src/button.o
 .debug_macro   0x0000000000014718      0x183 ./Core/Src/button.o
 .debug_macro   0x000000000001489b      0x141 ./Core/Src/button.o
 .debug_macro   0x00000000000149dc      0x8d1 ./Core/Src/button.o
 .debug_macro   0x00000000000152ad       0x69 ./Core/Src/button.o
 .debug_macro   0x0000000000015316       0x94 ./Core/Src/button.o
 .debug_macro   0x00000000000153aa       0x28 ./Core/Src/button.o
 .debug_macro   0x00000000000153d2       0x22 ./Core/Src/button.o
 .debug_macro   0x00000000000153f4      0x1f3 ./Core/Src/display.o
 .debug_macro   0x00000000000155e7       0x28 ./Core/Src/display.o
 .debug_macro   0x000000000001560f       0x10 ./Core/Src/display.o
 .debug_macro   0x000000000001561f      0x1ed ./Core/Src/fsm_long_pressed.o
 .debug_macro   0x000000000001580c      0x1ed ./Core/Src/fsm_short_pressed.o
 .debug_macro   0x00000000000159f9      0x1e9 ./Core/Src/global.o
 .debug_macro   0x0000000000015be2      0x1ed ./Core/Src/main.o
 .debug_macro   0x0000000000015dcf      0x1f3 ./Core/Src/software_timer.o
 .debug_macro   0x0000000000015fc2       0x16 ./Core/Src/software_timer.o
 .debug_macro   0x0000000000015fd8      0x1a7 ./Core/Src/stm32f1xx_hal_msp.o
 .debug_macro   0x000000000001617f      0x1b1 ./Core/Src/stm32f1xx_it.o
 .debug_macro   0x0000000000016330      0x198 ./Core/Src/system_stm32f1xx.o
 .debug_macro   0x00000000000164c8      0x1bc ./Drivers/STM32F1xx_HAL_Driver/Src/stm32f1xx_hal.o
 .debug_macro   0x0000000000016684      0x198 ./Drivers/STM32F1xx_HAL_Driver/Src/stm32f1xx_hal_cortex.o
 .debug_macro   0x000000000001681c      0x203 ./Drivers/STM32F1xx_HAL_Driver/Src/stm32f1xx_hal_gpio.o
 .debug_macro   0x0000000000016a1f      0x1aa ./Drivers/STM32F1xx_HAL_Driver/Src/stm32f1xx_hal_rcc.o
 .debug_macro   0x0000000000016bc9      0x199 ./Drivers/STM32F1xx_HAL_Driver/Src/stm32f1xx_hal_tim.o
 .debug_macro   0x0000000000016d62      0x198 ./Drivers/STM32F1xx_HAL_Driver/Src/stm32f1xx_hal_tim_ex.o

.debug_line     0x0000000000000000     0xbf66
 .debug_line    0x0000000000000000      0x7b5 ./Core/Src/button.o
 .debug_line    0x00000000000007b5      0x806 ./Core/Src/display.o
 .debug_line    0x0000000000000fbb      0x725 ./Core/Src/fsm_long_pressed.o
 .debug_line    0x00000000000016e0      0x83a ./Core/Src/fsm_short_pressed.o
 .debug_line    0x0000000000001f1a      0x6a7 ./Core/Src/global.o
 .debug_line    0x00000000000025c1      0x7da ./Core/Src/main.o
 .debug_line    0x0000000000002d9b      0x756 ./Core/Src/software_timer.o
 .debug_line    0x00000000000034f1      0x6a1 ./Core/Src/stm32f1xx_hal_msp.o
 .debug_line    0x0000000000003b92      0x73f ./Core/Src/stm32f1xx_it.o
 .debug_line    0x00000000000042d1      0x6e3 ./Core/Src/system_stm32f1xx.o
 .debug_line    0x00000000000049b4       0x87 ./Core/Startup/startup_stm32f103c6ux.o
 .debug_line    0x0000000000004a3b      0x910 ./Drivers/STM32F1xx_HAL_Driver/Src/stm32f1xx_hal.o
 .debug_line    0x000000000000534b      0xaf8 ./Drivers/STM32F1xx_HAL_Driver/Src/stm32f1xx_hal_cortex.o
 .debug_line    0x0000000000005e43      0x991 ./Drivers/STM32F1xx_HAL_Driver/Src/stm32f1xx_hal_gpio.o
 .debug_line    0x00000000000067d4      0xd1e ./Drivers/STM32F1xx_HAL_Driver/Src/stm32f1xx_hal_rcc.o
 .debug_line    0x00000000000074f2     0x326e ./Drivers/STM32F1xx_HAL_Driver/Src/stm32f1xx_hal_tim.o
 .debug_line    0x000000000000a760     0x1806 ./Drivers/STM32F1xx_HAL_Driver/Src/stm32f1xx_hal_tim_ex.o

.debug_str      0x0000000000000000    0x82051
 .debug_str     0x0000000000000000    0x7f5f5 ./Core/Src/button.o
                                      0x7f94f (size before relaxing)
 .debug_str     0x000000000007f5f5       0x92 ./Core/Src/display.o
                                      0x7f909 (size before relaxing)
 .debug_str     0x000000000007f687       0x34 ./Core/Src/fsm_long_pressed.o
                                      0x7f85e (size before relaxing)
 .debug_str     0x000000000007f6bb       0x36 ./Core/Src/fsm_short_pressed.o
                                      0x7f860 (size before relaxing)
 .debug_str     0x000000000007f6f1       0x15 ./Core/Src/global.o
                                      0x7f83f (size before relaxing)
 .debug_str     0x000000000007f706      0x6bc ./Core/Src/main.o
                                      0x7ffdd (size before relaxing)
 .debug_str     0x000000000007fdc2       0x5b ./Core/Src/software_timer.o
                                      0x7fd6c (size before relaxing)
 .debug_str     0x000000000007fe1d      0x2ba ./Core/Src/stm32f1xx_hal_msp.o
                                      0x7feac (size before relaxing)
 .debug_str     0x00000000000800d7       0xcd ./Core/Src/stm32f1xx_it.o
                                      0x7fc0e (size before relaxing)
 .debug_str     0x00000000000801a4       0x52 ./Core/Src/system_stm32f1xx.o
                                      0x7f521 (size before relaxing)
 .debug_str     0x00000000000801f6       0x36 ./Core/Startup/startup_stm32f103c6ux.o
                                         0x8c (size before relaxing)
 .debug_str     0x000000000008022c      0x304 ./Drivers/STM32F1xx_HAL_Driver/Src/stm32f1xx_hal.o
                                      0x7fb78 (size before relaxing)
 .debug_str     0x0000000000080530      0x300 ./Drivers/STM32F1xx_HAL_Driver/Src/stm32f1xx_hal_cortex.o
                                      0x7fb80 (size before relaxing)
 .debug_str     0x0000000000080830      0x316 ./Drivers/STM32F1xx_HAL_Driver/Src/stm32f1xx_hal_gpio.o
                                      0x7f8e5 (size before relaxing)
 .debug_str     0x0000000000080b46      0x24f ./Drivers/STM32F1xx_HAL_Driver/Src/stm32f1xx_hal_rcc.o
                                      0x7f91e (size before relaxing)
 .debug_str     0x0000000000080d95      0xdce ./Drivers/STM32F1xx_HAL_Driver/Src/stm32f1xx_hal_tim.o
                                      0x808f0 (size before relaxing)
 .debug_str     0x0000000000081b63      0x4ee ./Drivers/STM32F1xx_HAL_Driver/Src/stm32f1xx_hal_tim_ex.o
                                      0x800a1 (size before relaxing)

.comment        0x0000000000000000       0x53
 .comment       0x0000000000000000       0x53 ./Core/Src/button.o
                                         0x54 (size before relaxing)
 .comment       0x0000000000000053       0x54 ./Core/Src/display.o
 .comment       0x0000000000000053       0x54 ./Core/Src/fsm_long_pressed.o
 .comment       0x0000000000000053       0x54 ./Core/Src/fsm_short_pressed.o
 .comment       0x0000000000000053       0x54 ./Core/Src/global.o
 .comment       0x0000000000000053       0x54 ./Core/Src/main.o
 .comment       0x0000000000000053       0x54 ./Core/Src/software_timer.o
 .comment       0x0000000000000053       0x54 ./Core/Src/stm32f1xx_hal_msp.o
 .comment       0x0000000000000053       0x54 ./Core/Src/stm32f1xx_it.o
 .comment       0x0000000000000053       0x54 ./Core/Src/system_stm32f1xx.o
 .comment       0x0000000000000053       0x54 ./Drivers/STM32F1xx_HAL_Driver/Src/stm32f1xx_hal.o
 .comment       0x0000000000000053       0x54 ./Drivers/STM32F1xx_HAL_Driver/Src/stm32f1xx_hal_cortex.o
 .comment       0x0000000000000053       0x54 ./Drivers/STM32F1xx_HAL_Driver/Src/stm32f1xx_hal_gpio.o
 .comment       0x0000000000000053       0x54 ./Drivers/STM32F1xx_HAL_Driver/Src/stm32f1xx_hal_rcc.o
 .comment       0x0000000000000053       0x54 ./Drivers/STM32F1xx_HAL_Driver/Src/stm32f1xx_hal_tim.o
 .comment       0x0000000000000053       0x54 ./Drivers/STM32F1xx_HAL_Driver/Src/stm32f1xx_hal_tim_ex.o

.debug_frame    0x0000000000000000     0x2838
 .debug_frame   0x0000000000000000       0x84 ./Core/Src/button.o
 .debug_frame   0x0000000000000084      0x130 ./Core/Src/display.o
 .debug_frame   0x00000000000001b4       0x2c ./Core/Src/fsm_long_pressed.o
 .debug_frame   0x00000000000001e0       0x2c ./Core/Src/fsm_short_pressed.o
 .debug_frame   0x000000000000020c       0xb0 ./Core/Src/main.o
 .debug_frame   0x00000000000002bc       0x84 ./Core/Src/software_timer.o
 .debug_frame   0x0000000000000340       0x80 ./Core/Src/stm32f1xx_hal_msp.o
 .debug_frame   0x00000000000003c0      0x120 ./Core/Src/stm32f1xx_it.o
 .debug_frame   0x00000000000004e0       0x58 ./Core/Src/system_stm32f1xx.o
 .debug_frame   0x0000000000000538      0x334 ./Drivers/STM32F1xx_HAL_Driver/Src/stm32f1xx_hal.o
 .debug_frame   0x000000000000086c      0x428 ./Drivers/STM32F1xx_HAL_Driver/Src/stm32f1xx_hal_cortex.o
 .debug_frame   0x0000000000000c94      0x14c ./Drivers/STM32F1xx_HAL_Driver/Src/stm32f1xx_hal_gpio.o
 .debug_frame   0x0000000000000de0      0x21c ./Drivers/STM32F1xx_HAL_Driver/Src/stm32f1xx_hal_rcc.o
 .debug_frame   0x0000000000000ffc     0x11b8 ./Drivers/STM32F1xx_HAL_Driver/Src/stm32f1xx_hal_tim.o
 .debug_frame   0x00000000000021b4      0x638 ./Drivers/STM32F1xx_HAL_Driver/Src/stm32f1xx_hal_tim_ex.o
 .debug_frame   0x00000000000027ec       0x2c c:/st/stm32cubeide_1.7.0/stm32cubeide/plugins/com.st.stm32cube.ide.mcu.externaltools.gnu-tools-for-stm32.9-2020-q2-update.win32_2.0.0.202105311346/tools/bin/../lib/gcc/arm-none-eabi/9.3.1/../../../../arm-none-eabi/lib/thumb/v7-m/nofp\libc_nano.a(lib_a-init.o)
 .debug_frame   0x0000000000002818       0x20 c:/st/stm32cubeide_1.7.0/stm32cubeide/plugins/com.st.stm32cube.ide.mcu.externaltools.gnu-tools-for-stm32.9-2020-q2-update.win32_2.0.0.202105311346/tools/bin/../lib/gcc/arm-none-eabi/9.3.1/../../../../arm-none-eabi/lib/thumb/v7-m/nofp\libc_nano.a(lib_a-memset.o)
